// Jest Snapshot v1, https://goo.gl/fbAQLP

exports[`Home renders without crashing 1`] = `
<Provider
  store={
    Object {
      "dispatch": [Function],
      "getState": [Function],
      "replaceReducer": [Function],
      "subscribe": [Function],
      Symbol(observable): [Function],
    }
  }
>
  <Home>
    <div
      className="hero position-relative overflow-hidden p-3 p-md-5 text-center bg-light"
    >
      <div
        className="hero-text col-md-5 p-lg-5 mx-auto my-5"
      >
        <h1
          className="display-4 fw-normal"
        >
          Punny headline
        </h1>
        <p
          className="lead fw-normal"
        >
          A landing page to boot. Jumpstart your marketing efforts with this example based on  marketing pages.
        </p>
        <a
          className="btn btn-outline-secondary"
          to="#"
        >
          Coming soon
        </a>
      </div>
    </div>
    <div
      className="container-fluid"
    >
      <div
        className="houses-container py-2 py-md-4 row g-3"
      >
        0
      </div>
    </div>
  </Home>
</Provider>
`;
