// Jest Snapshot v1, https://goo.gl/fbAQLP

exports[`Login renders without crashing 1`] = `
<Provider
  store={
    Object {
      "dispatch": [Function],
      "getState": [Function],
      "replaceReducer": [Function],
      "subscribe": [Function],
      Symbol(observable): [Function],
    }
  }
>
  <Login>
    <div
      className="col-md-12"
    >
      <div
        className="card card-container"
      >
        <img
          alt="profile-img"
          className="profile-img-card"
          src="//ssl.gstatic.com/accounts/ui/avatar_2x.png"
        />
        <Form(t)
          onSubmit={[Function]}
        >
          <t
            getValues={[Function]}
            hideError={[Function]}
            onSubmit={[Function]}
            showError={[Function]}
            validate={[Function]}
            validateAll={[Function]}
          >
            <form
              onSubmit={[Function]}
            >
              <div
                className="form-group"
              >
                <label
                  htmlFor="email"
                >
                  Email
                </label>
                <Control(s)
                  className="form-control"
                  name="email"
                  onChange={[Function]}
                  type="email"
                  validations={
                    Array [
                      [Function],
                    ]
                  }
                  value=""
                >
                  <s
                    className="form-control"
                    error={
                      <div
                        className="alert alert-danger"
                        role="alert"
                      >
                        This field is required!
                      </div>
                    }
                    name="email"
                    onBlur={[Function]}
                    onChange={[Function]}
                    type="email"
                    value=""
                  >
                    <div>
                      <input
                        className="form-control"
                        name="email"
                        onBlur={[Function]}
                        onChange={[Function]}
                        type="email"
                        value=""
                      />
                    </div>
                  </s>
                </Control(s)>
              </div>
              <div
                className="form-group"
              >
                <label
                  htmlFor="password"
                >
                  Password
                </label>
                <Control(s)
                  className="form-control"
                  name="password"
                  onChange={[Function]}
                  type="password"
                  validations={
                    Array [
                      [Function],
                    ]
                  }
                  value=""
                >
                  <s
                    className="form-control"
                    error={
                      <div
                        className="alert alert-danger"
                        role="alert"
                      >
                        This field is required!
                      </div>
                    }
                    name="password"
                    onBlur={[Function]}
                    onChange={[Function]}
                    type="password"
                    value=""
                  >
                    <div>
                      <input
                        className="form-control"
                        name="password"
                        onBlur={[Function]}
                        onChange={[Function]}
                        type="password"
                        value=""
                      />
                    </div>
                  </s>
                </Control(s)>
              </div>
              <div
                className="form-group"
              >
                <button
                  className="btn btn-primary btn-block btn-submit"
                  disabled={false}
                >
                  <span
                    className="login-text"
                  >
                    Login
                  </span>
                </button>
              </div>
              <Button(s)
                style={
                  Object {
                    "display": "none",
                  }
                }
              >
                <s
                  hasErrors={true}
                  style={
                    Object {
                      "display": "none",
                    }
                  }
                >
                  <button
                    disabled={true}
                    style={
                      Object {
                        "display": "none",
                      }
                    }
                  />
                </s>
              </Button(s)>
            </form>
          </t>
        </Form(t)>
      </div>
    </div>
  </Login>
</Provider>
`;
